[     562ms] [INFO] %cDownload the React DevTools for a better development experience: https://react.dev/link/react-devtools font-weight:bold @ http://localhost:3000/_next/static/chunks/1bv0_next_dist_1pon40k._.js:2983
[     579ms] [LOG] [HMR] connected @ http://localhost:3000/_next/static/chunks/1bv0_next_dist_1pon40k._.js:2983
[     697ms] [ERROR] Failed to load resource: the server responded with a status of 401 (Unauthorized) @ http://localhost:3000/api/company:0
[     702ms] [ERROR] Failed to load resource: the server responded with a status of 401 (Unauthorized) @ http://localhost:3000/api/me:0
[     704ms] [ERROR] Failed to load resource: the server responded with a status of 401 (Unauthorized) @ http://localhost:3000/api/workspaces:0
[     730ms] [ERROR] Failed to load resource: the server responded with a status of 401 (Unauthorized) @ http://localhost:3000/api/my-tasks?status=PENDING,IN_PROGRESS:0
[     818ms] [ERROR] Failed to load resource: the server responded with a status of 401 (Unauthorized) @ http://localhost:3000/api/approvals:0
[     853ms] [ERROR] Failed to load resource: the server responded with a status of 401 (Unauthorized) @ http://localhost:3000/api/tasks?status=PENDING,IN_PROGRESS:0
[     856ms] [ERROR] Failed to load resource: the server responded with a status of 401 (Unauthorized) @ http://localhost:3000/api/requisitions?status=SUBMITTED:0
[     874ms] [ERROR] Failed to load resource: the server responded with a status of 401 (Unauthorized) @ http://localhost:3000/api/purchase-orders?status=DRAFT,APPROVED,ORDERED,PARTIAL:0
[    2255ms] [LOG] [Fast Refresh] rebuilding @ http://localhost:3000/_next/static/chunks/1bv0_next_dist_1pon40k._.js:2983
[    2387ms] [LOG] [Fast Refresh] done in 233ms @ http://localhost:3000/_next/static/chunks/1bv0_next_dist_1pon40k._.js:2983
[   11418ms] [LOG] [Fast Refresh] rebuilding @ http://localhost:3000/_next/static/chunks/1bv0_next_dist_1pon40k._.js:2983
[   11425ms] [LOG] [Fast Refresh] done in 109ms @ http://localhost:3000/_next/static/chunks/1bv0_next_dist_1pon40k._.js:2983
[   13796ms] [LOG] [Fast Refresh] rebuilding @ http://localhost:3000/_next/static/chunks/1bv0_next_dist_1pon40k._.js:2983
[   13825ms] [LOG] [Fast Refresh] done in 131ms @ http://localhost:3000/_next/static/chunks/1bv0_next_dist_1pon40k._.js:2983
[   14185ms] [LOG] [Fast Refresh] rebuilding @ http://localhost:3000/_next/static/chunks/1bv0_next_dist_1pon40k._.js:2983
[   14186ms] [LOG] [Fast Refresh] done in 103ms @ http://localhost:3000/_next/static/chunks/1bv0_next_dist_1pon40k._.js:2983
[   14552ms] [ERROR] Failed to load resource: the server responded with a status of 401 (Unauthorized) @ http://localhost:3000/api/me:0
[   14837ms] [ERROR] Failed to load resource: the server responded with a status of 401 (Unauthorized) @ http://localhost:3000/api/me:0
[   15137ms] [ERROR] Failed to load resource: the server responded with a status of 401 (Unauthorized) @ http://localhost:3000/api/me:0
[   15715ms] [ERROR] Failed to load resource: the server responded with a status of 401 (Unauthorized) @ http://localhost:3000/api/me:0
[   16831ms] [ERROR] Failed to load resource: the server responded with a status of 401 (Unauthorized) @ http://localhost:3000/api/me:0
[   19754ms] [LOG] [Fast Refresh] rebuilding @ http://localhost:3000/_next/static/chunks/1bv0_next_dist_1pon40k._.js:2983
[   19767ms] [LOG] [Fast Refresh] done in 113ms @ http://localhost:3000/_next/static/chunks/1bv0_next_dist_1pon40k._.js:2983
[   20672ms] [LOG] [Fast Refresh] rebuilding @ http://localhost:3000/_next/static/chunks/1bv0_next_dist_1pon40k._.js:2983
[   20729ms] [LOG] [Fast Refresh] done in 159ms @ http://localhost:3000/_next/static/chunks/1bv0_next_dist_1pon40k._.js:2983
[   22378ms] [LOG] [Fast Refresh] rebuilding @ http://localhost:3000/_next/static/chunks/1bv0_next_dist_1pon40k._.js:2983
[   23522ms] [LOG] [Fast Refresh] done in 1245ms @ http://localhost:3000/_next/static/chunks/1bv0_next_dist_1pon40k._.js:2983
[   30158ms] [LOG] [Fast Refresh] rebuilding @ http://localhost:3000/_next/static/chunks/1bv0_next_dist_1pon40k._.js:2983
[   30225ms] [LOG] [Fast Refresh] done in 168ms @ http://localhost:3000/_next/static/chunks/1bv0_next_dist_1pon40k._.js:2983
[   35597ms] [LOG] [Fast Refresh] rebuilding @ http://localhost:3000/_next/static/chunks/1bv0_next_dist_1pon40k._.js:2983
[   35618ms] [LOG] [Fast Refresh] done in 121ms @ http://localhost:3000/_next/static/chunks/1bv0_next_dist_1pon40k._.js:2983
[   37500ms] [LOG] [Fast Refresh] rebuilding @ http://localhost:3000/_next/static/chunks/1bv0_next_dist_1pon40k._.js:2983
[   37503ms] [LOG] [Fast Refresh] done in 104ms @ http://localhost:3000/_next/static/chunks/1bv0_next_dist_1pon40k._.js:2983
[   39367ms] [LOG] [Fast Refresh] rebuilding @ http://localhost:3000/_next/static/chunks/1bv0_next_dist_1pon40k._.js:2983
[   41112ms] [LOG] [Fast Refresh] done in 1845ms @ http://localhost:3000/_next/static/chunks/1bv0_next_dist_1pon40k._.js:2983
