[     966ms] [INFO] %cDownload the React DevTools for a better development experience: https://react.dev/link/react-devtools font-weight:bold @ http://localhost:3000/_next/static/chunks/1bv0_next_dist_1pon40k._.js:2983
[     994ms] [LOG] [HMR] connected @ http://localhost:3000/_next/static/chunks/1bv0_next_dist_1pon40k._.js:2983
[    1099ms] [ERROR] Failed to load resource: the server responded with a status of 401 (Unauthorized) @ http://localhost:3000/api/company:0
[    1102ms] [ERROR] Failed to load resource: the server responded with a status of 401 (Unauthorized) @ http://localhost:3000/api/me:0
[    1136ms] [ERROR] Failed to load resource: the server responded with a status of 401 (Unauthorized) @ http://localhost:3000/api/workspaces:0
[    1138ms] [ERROR] Failed to load resource: the server responded with a status of 401 (Unauthorized) @ http://localhost:3000/api/my-tasks?status=PENDING,IN_PROGRESS:0
[    1152ms] [ERROR] Failed to load resource: the server responded with a status of 401 (Unauthorized) @ http://localhost:3000/api/approvals:0
[    1243ms] [ERROR] Failed to load resource: the server responded with a status of 401 (Unauthorized) @ http://localhost:3000/api/tasks?status=PENDING,IN_PROGRESS:0
[    1244ms] [ERROR] Failed to load resource: the server responded with a status of 401 (Unauthorized) @ http://localhost:3000/api/requisitions?status=SUBMITTED:0
[    1289ms] [ERROR] Failed to load resource: the server responded with a status of 401 (Unauthorized) @ http://localhost:3000/api/purchase-orders?status=DRAFT,APPROVED,ORDERED,PARTIAL:0
[    3561ms] [LOG] [Fast Refresh] rebuilding @ http://localhost:3000/_next/static/chunks/1bv0_next_dist_1pon40k._.js:2983
[    3656ms] [LOG] [Fast Refresh] done in 196ms @ http://localhost:3000/_next/static/chunks/1bv0_next_dist_1pon40k._.js:2983
[    7065ms] [LOG] [Fast Refresh] rebuilding @ http://localhost:3000/_next/static/chunks/1bv0_next_dist_1pon40k._.js:2983
[    7070ms] [LOG] [Fast Refresh] done in 112ms @ http://localhost:3000/_next/static/chunks/1bv0_next_dist_1pon40k._.js:2983
[    8034ms] [LOG] [Fast Refresh] rebuilding @ http://localhost:3000/_next/static/chunks/1bv0_next_dist_1pon40k._.js:2983
[    8128ms] [LOG] [Fast Refresh] done in 195ms @ http://localhost:3000/_next/static/chunks/1bv0_next_dist_1pon40k._.js:2983
[   10957ms] [LOG] [Fast Refresh] rebuilding @ http://localhost:3000/_next/static/chunks/1bv0_next_dist_1pon40k._.js:2983
[   11083ms] [LOG] [Fast Refresh] done in 227ms @ http://localhost:3000/_next/static/chunks/1bv0_next_dist_1pon40k._.js:2983
[   16425ms] [LOG] [Fast Refresh] rebuilding @ http://localhost:3000/_next/static/chunks/1bv0_next_dist_1pon40k._.js:2983
[   16550ms] [LOG] [Fast Refresh] done in 226ms @ http://localhost:3000/_next/static/chunks/1bv0_next_dist_1pon40k._.js:2983
[   19558ms] [LOG] [Fast Refresh] rebuilding @ http://localhost:3000/_next/static/chunks/1bv0_next_dist_1pon40k._.js:2983
[   19565ms] [LOG] [Fast Refresh] done in 110ms @ http://localhost:3000/_next/static/chunks/1bv0_next_dist_1pon40k._.js:2983
