[    1293ms] [LOG] [Fast Refresh] rebuilding @ http://localhost:3000/_next/static/chunks/1bv0_next_dist_1pon40k._.js:2983
[    1311ms] [LOG] [Fast Refresh] done in 120ms @ http://localhost:3000/_next/static/chunks/1bv0_next_dist_1pon40k._.js:2983
[    1948ms] [INFO] %cDownload the React DevTools for a better development experience: https://react.dev/link/react-devtools font-weight:bold @ http://localhost:3000/_next/static/chunks/1bv0_next_dist_1pon40k._.js:2983
[    1990ms] [LOG] [HMR] connected @ http://localhost:3000/_next/static/chunks/1bv0_next_dist_1pon40k._.js:2983
[    2165ms] [ERROR] Failed to load resource: the server responded with a status of 401 (Unauthorized) @ http://localhost:3000/api/company:0
[    2172ms] [ERROR] Failed to load resource: the server responded with a status of 401 (Unauthorized) @ http://localhost:3000/api/me:0
[    2187ms] [ERROR] Failed to load resource: the server responded with a status of 401 (Unauthorized) @ http://localhost:3000/api/workspaces:0
[    2189ms] [ERROR] Failed to load resource: the server responded with a status of 401 (Unauthorized) @ http://localhost:3000/api/my-tasks?status=PENDING,IN_PROGRESS:0
[    2211ms] [ERROR] Failed to load resource: the server responded with a status of 401 (Unauthorized) @ http://localhost:3000/api/approvals:0
[    2282ms] [ERROR] Failed to load resource: the server responded with a status of 401 (Unauthorized) @ http://localhost:3000/api/tasks?status=PENDING,IN_PROGRESS:0
[    2285ms] [ERROR] Failed to load resource: the server responded with a status of 401 (Unauthorized) @ http://localhost:3000/api/requisitions?status=SUBMITTED:0
[    2286ms] [ERROR] Failed to load resource: the server responded with a status of 401 (Unauthorized) @ http://localhost:3000/api/purchase-orders?status=DRAFT,APPROVED,ORDERED,PARTIAL:0
[    8039ms] [LOG] [Fast Refresh] rebuilding @ http://localhost:3000/_next/static/chunks/1bv0_next_dist_1pon40k._.js:2983
[    8039ms] [LOG] [Fast Refresh] done in 102ms @ http://localhost:3000/_next/static/chunks/1bv0_next_dist_1pon40k._.js:2983
[    8986ms] [LOG] [Fast Refresh] rebuilding @ http://localhost:3000/_next/static/chunks/1bv0_next_dist_1pon40k._.js:2983
[    9010ms] [LOG] [Fast Refresh] done in 125ms @ http://localhost:3000/_next/static/chunks/1bv0_next_dist_1pon40k._.js:2983
[    9430ms] [LOG] [Fast Refresh] rebuilding @ http://localhost:3000/_next/static/chunks/1bv0_next_dist_1pon40k._.js:2983
[   11156ms] [LOG] [Fast Refresh] done in 1827ms @ http://localhost:3000/_next/static/chunks/1bv0_next_dist_1pon40k._.js:2983
[   12545ms] [ERROR] Failed to fetch RSC payload for http://localhost:3000/sign-in. Falling back to browser navigation. TypeError: Cannot read properties of undefined (reading 'includes')
    at window.fetch (eval at <anonymous> (eval at evaluate (:303:30)), <anonymous>:1:210)
    at createFetch (http://localhost:3000/_next/static/chunks/1bv0_next_dist_client_1nmof7k._.js:8241:21)
    at async fetchServerResponse (http://localhost:3000/_next/static/chunks/1bv0_next_dist_client_1nmof7k._.js:8051:21)
    at async navigateToUnknownRoute (http://localhost:3000/_next/static/chunks/1bv0_next_dist_client_1nmof7k._.js:10255:20) @ http://localhost:3000/_next/static/chunks/1bv0_next_dist_1pon40k._.js:3824
[   12736ms] [LOG] [Fast Refresh] rebuilding @ http://localhost:3000/_next/static/chunks/1bv0_next_dist_1pon40k._.js:2983
[   13072ms] [LOG] [Fast Refresh] done in 438ms @ http://localhost:3000/_next/static/chunks/1bv0_next_dist_1pon40k._.js:2983
[   13902ms] [INFO] %cDownload the React DevTools for a better development experience: https://react.dev/link/react-devtools font-weight:bold @ http://localhost:3000/_next/static/chunks/1bv0_next_dist_1pon40k._.js:2983
[   13930ms] [LOG] [HMR] connected @ http://localhost:3000/_next/static/chunks/1bv0_next_dist_1pon40k._.js:2983
[   14043ms] [ERROR] Failed to load resource: the server responded with a status of 401 (Unauthorized) @ http://localhost:3000/api/company:0
[   14045ms] [ERROR] Failed to load resource: the server responded with a status of 401 (Unauthorized) @ http://localhost:3000/api/me:0
[   14045ms] [ERROR] Failed to load resource: the server responded with a status of 401 (Unauthorized) @ http://localhost:3000/api/workspaces:0
[   14068ms] [ERROR] Failed to load resource: the server responded with a status of 401 (Unauthorized) @ http://localhost:3000/api/my-tasks?status=PENDING,IN_PROGRESS:0
[   14084ms] [ERROR] Failed to load resource: the server responded with a status of 401 (Unauthorized) @ http://localhost:3000/api/approvals:0
[   14151ms] [ERROR] Failed to load resource: the server responded with a status of 401 (Unauthorized) @ http://localhost:3000/api/tasks?status=PENDING,IN_PROGRESS:0
[   14152ms] [ERROR] Failed to load resource: the server responded with a status of 401 (Unauthorized) @ http://localhost:3000/api/requisitions?status=SUBMITTED:0
[   14158ms] [LOG] [Fast Refresh] rebuilding @ http://localhost:3000/_next/static/chunks/1bv0_next_dist_1pon40k._.js:2983
[   14161ms] [ERROR] Failed to load resource: the server responded with a status of 401 (Unauthorized) @ http://localhost:3000/api/purchase-orders?status=DRAFT,APPROVED,ORDERED,PARTIAL:0
[   14166ms] [LOG] [Fast Refresh] done in 109ms @ http://localhost:3000/_next/static/chunks/1bv0_next_dist_1pon40k._.js:2983
[   14285ms] [LOG] [Fast Refresh] rebuilding @ http://localhost:3000/_next/static/chunks/1bv0_next_dist_1pon40k._.js:2983
[   14293ms] [LOG] [Fast Refresh] done in 114ms @ http://localhost:3000/_next/static/chunks/1bv0_next_dist_1pon40k._.js:2983
[   19439ms] [LOG] [Fast Refresh] rebuilding @ http://localhost:3000/_next/static/chunks/1bv0_next_dist_1pon40k._.js:2983
[   19441ms] [LOG] [Fast Refresh] done in 102ms @ http://localhost:3000/_next/static/chunks/1bv0_next_dist_1pon40k._.js:2983
[   19822ms] [LOG] [Fast Refresh] rebuilding @ http://localhost:3000/_next/static/chunks/1bv0_next_dist_1pon40k._.js:2983
[   19822ms] [LOG] [Fast Refresh] done in 101ms @ http://localhost:3000/_next/static/chunks/1bv0_next_dist_1pon40k._.js:2983
[   21959ms] [LOG] [Fast Refresh] rebuilding @ http://localhost:3000/_next/static/chunks/1bv0_next_dist_1pon40k._.js:2983
[   21969ms] [LOG] [Fast Refresh] done in 111ms @ http://localhost:3000/_next/static/chunks/1bv0_next_dist_1pon40k._.js:2983
[   24014ms] [LOG] [Fast Refresh] rebuilding @ http://localhost:3000/_next/static/chunks/1bv0_next_dist_1pon40k._.js:2983
[   24029ms] [LOG] [Fast Refresh] done in 116ms @ http://localhost:3000/_next/static/chunks/1bv0_next_dist_1pon40k._.js:2983
[   32190ms] [LOG] [Fast Refresh] rebuilding @ http://localhost:3000/_next/static/chunks/1bv0_next_dist_1pon40k._.js:2983
[   32238ms] [LOG] [Fast Refresh] done in 149ms @ http://localhost:3000/_next/static/chunks/1bv0_next_dist_1pon40k._.js:2983
[   32883ms] [LOG] [Fast Refresh] rebuilding @ http://localhost:3000/_next/static/chunks/1bv0_next_dist_1pon40k._.js:2983
[   33008ms] [LOG] [Fast Refresh] done in 226ms @ http://localhost:3000/_next/static/chunks/1bv0_next_dist_1pon40k._.js:2983
[   33307ms] [LOG] [Fast Refresh] rebuilding @ http://localhost:3000/_next/static/chunks/1bv0_next_dist_1pon40k._.js:2983
[   33403ms] [LOG] [Fast Refresh] done in 197ms @ http://localhost:3000/_next/static/chunks/1bv0_next_dist_1pon40k._.js:2983
[   33860ms] [LOG] [Fast Refresh] rebuilding @ http://localhost:3000/_next/static/chunks/1bv0_next_dist_1pon40k._.js:2983
[   33915ms] [LOG] [Fast Refresh] done in 157ms @ http://localhost:3000/_next/static/chunks/1bv0_next_dist_1pon40k._.js:2983
[   35026ms] [LOG] [Fast Refresh] rebuilding @ http://localhost:3000/_next/static/chunks/1bv0_next_dist_1pon40k._.js:2983
[   35134ms] [LOG] [Fast Refresh] done in 208ms @ http://localhost:3000/_next/static/chunks/1bv0_next_dist_1pon40k._.js:2983
[   38164ms] [LOG] [Fast Refresh] rebuilding @ http://localhost:3000/_next/static/chunks/1bv0_next_dist_1pon40k._.js:2983
[   38170ms] [LOG] [Fast Refresh] done in 110ms @ http://localhost:3000/_next/static/chunks/1bv0_next_dist_1pon40k._.js:2983
[   38641ms] [LOG] [Fast Refresh] rebuilding @ http://localhost:3000/_next/static/chunks/1bv0_next_dist_1pon40k._.js:2983
[   38642ms] [LOG] [Fast Refresh] done in 106ms @ http://localhost:3000/_next/static/chunks/1bv0_next_dist_1pon40k._.js:2983
[   39591ms] [LOG] [Fast Refresh] rebuilding @ http://localhost:3000/_next/static/chunks/1bv0_next_dist_1pon40k._.js:2983
[   39602ms] [LOG] [Fast Refresh] done in 111ms @ http://localhost:3000/_next/static/chunks/1bv0_next_dist_1pon40k._.js:2983
[   40144ms] [LOG] [Fast Refresh] rebuilding @ http://localhost:3000/_next/static/chunks/1bv0_next_dist_1pon40k._.js:2983
[   40187ms] [LOG] [Fast Refresh] done in 145ms @ http://localhost:3000/_next/static/chunks/1bv0_next_dist_1pon40k._.js:2983
[   41791ms] [LOG] [Fast Refresh] rebuilding @ http://localhost:3000/_next/static/chunks/1bv0_next_dist_1pon40k._.js:2983
[   43777ms] [LOG] [Fast Refresh] done in 2086ms @ http://localhost:3000/_next/static/chunks/1bv0_next_dist_1pon40k._.js:2983
[   44018ms] [LOG] [Fast Refresh] rebuilding @ http://localhost:3000/_next/static/chunks/1bv0_next_dist_1pon40k._.js:2983
[   45798ms] [LOG] [Fast Refresh] done in 1881ms @ http://localhost:3000/_next/static/chunks/1bv0_next_dist_1pon40k._.js:2983
[   46171ms] [LOG] [Fast Refresh] rebuilding @ http://localhost:3000/_next/static/chunks/1bv0_next_dist_1pon40k._.js:2983
[   46208ms] [LOG] [Fast Refresh] done in 139ms @ http://localhost:3000/_next/static/chunks/1bv0_next_dist_1pon40k._.js:2983
[   46801ms] [LOG] [Fast Refresh] rebuilding @ http://localhost:3000/_next/static/chunks/1bv0_next_dist_1pon40k._.js:2983
[   46817ms] [LOG] [Fast Refresh] done in 116ms @ http://localhost:3000/_next/static/chunks/1bv0_next_dist_1pon40k._.js:2983
