[     371ms] [INFO] %cDownload the React DevTools for a better development experience: https://react.dev/link/react-devtools font-weight:bold @ http://localhost:3000/_next/static/chunks/1bv0_next_dist_1pon40k._.js:2983
[     401ms] [LOG] [HMR] connected @ http://localhost:3000/_next/static/chunks/1bv0_next_dist_1pon40k._.js:2983
[     514ms] [ERROR] Failed to load resource: the server responded with a status of 401 (Unauthorized) @ http://localhost:3000/api/company:0
[     516ms] [ERROR] Failed to load resource: the server responded with a status of 401 (Unauthorized) @ http://localhost:3000/api/me:0
[     548ms] [ERROR] Failed to load resource: the server responded with a status of 401 (Unauthorized) @ http://localhost:3000/api/workspaces:0
[     557ms] [ERROR] Failed to load resource: the server responded with a status of 401 (Unauthorized) @ http://localhost:3000/api/my-tasks?status=PENDING,IN_PROGRESS:0
[     573ms] [ERROR] Failed to load resource: the server responded with a status of 401 (Unauthorized) @ http://localhost:3000/api/approvals:0
[     641ms] [ERROR] Failed to load resource: the server responded with a status of 401 (Unauthorized) @ http://localhost:3000/api/tasks?status=PENDING,IN_PROGRESS:0
[     641ms] [ERROR] Failed to load resource: the server responded with a status of 401 (Unauthorized) @ http://localhost:3000/api/requisitions?status=SUBMITTED:0
[     647ms] [ERROR] Failed to load resource: the server responded with a status of 401 (Unauthorized) @ http://localhost:3000/api/purchase-orders?status=DRAFT,APPROVED,ORDERED,PARTIAL:0
[    1646ms] [LOG] [Fast Refresh] rebuilding @ http://localhost:3000/_next/static/chunks/1bv0_next_dist_1pon40k._.js:2983
[    1649ms] [LOG] [Fast Refresh] done in 105ms @ http://localhost:3000/_next/static/chunks/1bv0_next_dist_1pon40k._.js:2983
[    2663ms] [LOG] [Fast Refresh] rebuilding @ http://localhost:3000/_next/static/chunks/1bv0_next_dist_1pon40k._.js:2983
[    2733ms] [LOG] [Fast Refresh] done in 171ms @ http://localhost:3000/_next/static/chunks/1bv0_next_dist_1pon40k._.js:2983
[    4354ms] [LOG] [Fast Refresh] rebuilding @ http://localhost:3000/_next/static/chunks/1bv0_next_dist_1pon40k._.js:2983
[    5833ms] [LOG] [Fast Refresh] done in 1579ms @ http://localhost:3000/_next/static/chunks/1bv0_next_dist_1pon40k._.js:2983
[    7415ms] [LOG] [Fast Refresh] rebuilding @ http://localhost:3000/_next/static/chunks/1bv0_next_dist_1pon40k._.js:2983
[    7668ms] [LOG] [Fast Refresh] done in 357ms @ http://localhost:3000/_next/static/chunks/1bv0_next_dist_1pon40k._.js:2983
[    8025ms] [LOG] [Fast Refresh] rebuilding @ http://localhost:3000/_next/static/chunks/1bv0_next_dist_1pon40k._.js:2983
[    8036ms] [LOG] [Fast Refresh] done in 113ms @ http://localhost:3000/_next/static/chunks/1bv0_next_dist_1pon40k._.js:2983
[   10755ms] [LOG] [Fast Refresh] rebuilding @ http://localhost:3000/_next/static/chunks/1bv0_next_dist_1pon40k._.js:2983
[   10797ms] [LOG] [Fast Refresh] done in 143ms @ http://localhost:3000/_next/static/chunks/1bv0_next_dist_1pon40k._.js:2983
[   12086ms] [LOG] [Fast Refresh] rebuilding @ http://localhost:3000/_next/static/chunks/1bv0_next_dist_1pon40k._.js:2983
[   12112ms] [LOG] [Fast Refresh] done in 128ms @ http://localhost:3000/_next/static/chunks/1bv0_next_dist_1pon40k._.js:2983
[   12876ms] [ERROR] Failed to load resource: the server responded with a status of 401 (Unauthorized) @ http://localhost:3000/api/me:0
[   14191ms] [LOG] [Fast Refresh] rebuilding @ http://localhost:3000/_next/static/chunks/1bv0_next_dist_1pon40k._.js:2983
[   14192ms] [LOG] [Fast Refresh] done in 101ms @ http://localhost:3000/_next/static/chunks/1bv0_next_dist_1pon40k._.js:2983
[   15495ms] [LOG] [Fast Refresh] rebuilding @ http://localhost:3000/_next/static/chunks/1bv0_next_dist_1pon40k._.js:2983
[   15512ms] [LOG] [Fast Refresh] done in 119ms @ http://localhost:3000/_next/static/chunks/1bv0_next_dist_1pon40k._.js:2983
[   18887ms] [LOG] [Fast Refresh] rebuilding @ http://localhost:3000/_next/static/chunks/1bv0_next_dist_1pon40k._.js:2983
[   18889ms] [LOG] [Fast Refresh] done in 102ms @ http://localhost:3000/_next/static/chunks/1bv0_next_dist_1pon40k._.js:2983
[   19209ms] [LOG] [Fast Refresh] rebuilding @ http://localhost:3000/_next/static/chunks/1bv0_next_dist_1pon40k._.js:2983
[   19211ms] [LOG] [Fast Refresh] done in 103ms @ http://localhost:3000/_next/static/chunks/1bv0_next_dist_1pon40k._.js:2983
[   30037ms] [LOG] [Fast Refresh] rebuilding @ http://localhost:3000/_next/static/chunks/1bv0_next_dist_1pon40k._.js:2983
[   30038ms] [LOG] [Fast Refresh] done in 102ms @ http://localhost:3000/_next/static/chunks/1bv0_next_dist_1pon40k._.js:2983
[   34410ms] [LOG] [Fast Refresh] rebuilding @ http://localhost:3000/_next/static/chunks/1bv0_next_dist_1pon40k._.js:2983
[   35448ms] [LOG] [Fast Refresh] done in 1138ms @ http://localhost:3000/_next/static/chunks/1bv0_next_dist_1pon40k._.js:2983
[   37547ms] [LOG] [Fast Refresh] rebuilding @ http://localhost:3000/_next/static/chunks/1bv0_next_dist_1pon40k._.js:2983
[   37547ms] [LOG] [Fast Refresh] done in 101ms @ http://localhost:3000/_next/static/chunks/1bv0_next_dist_1pon40k._.js:2983
[   40868ms] [LOG] [Fast Refresh] rebuilding @ http://localhost:3000/_next/static/chunks/1bv0_next_dist_1pon40k._.js:2983
[   41008ms] [LOG] [Fast Refresh] done in 240ms @ http://localhost:3000/_next/static/chunks/1bv0_next_dist_1pon40k._.js:2983
[   43437ms] [LOG] [Fast Refresh] rebuilding @ http://localhost:3000/_next/static/chunks/1bv0_next_dist_1pon40k._.js:2983
[   43441ms] [LOG] [Fast Refresh] done in 103ms @ http://localhost:3000/_next/static/chunks/1bv0_next_dist_1pon40k._.js:2983
[   48061ms] [LOG] [Fast Refresh] rebuilding @ http://localhost:3000/_next/static/chunks/1bv0_next_dist_1pon40k._.js:2983
[   48217ms] [LOG] [Fast Refresh] done in 257ms @ http://localhost:3000/_next/static/chunks/1bv0_next_dist_1pon40k._.js:2983
